This is pdfTeX, Version 3.141592653-2.6-1.40.22 (TeX Live 2022/dev/Debian) (preloaded format=pdflatex 2025.4.17)  10 DEC 2025 17:51
entering extended mode
 restricted \write18 enabled.
 file:line:error style messages enabled.
 %&-line parsing enabled.
**/home/3S-LAB/vquach/Bureau/C++/Numerical-Method-3SR/report/fem1D_compare
(/home/3S-LAB/vquach/Bureau/C++/Numerical-Method-3SR/report/fem1D_compare.tex
LaTeX2e <2021-11-15> patch level 1
L3 programming layer <2022-01-21> (/usr/share/texlive/texmf-dist/tex/latex/base/article.cls
Document Class: article 2021/10/04 v1.4n Standard LaTeX document class
(/usr/share/texlive/texmf-dist/tex/latex/base/size10.clo
File: size10.clo 2021/10/04 v1.4n Standard LaTeX file (size option)
)
\c@part=\count185
\c@section=\count186
\c@subsection=\count187
\c@subsubsection=\count188
\c@paragraph=\count189
\c@subparagraph=\count190
\c@figure=\count191
\c@table=\count192
\abovecaptionskip=\skip47
\belowcaptionskip=\skip48
\bibindent=\dimen138
) (/usr/share/texlive/texmf-dist/tex/latex/base/inputenc.sty
Package: inputenc 2021/02/14 v1.3d Input encoding file
\inpenc@prehook=\toks16
\inpenc@posthook=\toks17
) (/usr/share/texlive/texmf-dist/tex/latex/graphics/graphicx.sty
Package: graphicx 2021/09/16 v1.2d Enhanced LaTeX Graphics (DPC,SPQR)
 (/usr/share/texlive/texmf-dist/tex/latex/graphics/keyval.sty
Package: keyval 2014/10/28 v1.15 key=value parser (DPC)
\KV@toks@=\toks18
) (/usr/share/texlive/texmf-dist/tex/latex/graphics/graphics.sty
Package: graphics 2021/03/04 v1.4d Standard LaTeX Graphics (DPC,SPQR)
 (/usr/share/texlive/texmf-dist/tex/latex/graphics/trig.sty
Package: trig 2021/08/11 v1.11 sin cos tan (DPC)
) (/usr/share/texlive/texmf-dist/tex/latex/graphics-cfg/graphics.cfg
File: graphics.cfg 2016/06/04 v1.11 sample graphics configuration
)
Package graphics Info: Driver file: pdftex.def on input line 107.
 (/usr/share/texlive/texmf-dist/tex/latex/graphics-def/pdftex.def
File: pdftex.def 2020/10/05 v1.2a Graphics/color driver for pdftex
))
\Gin@req@height=\dimen139
\Gin@req@width=\dimen140
) (/usr/share/texlive/texmf-dist/tex/latex/booktabs/booktabs.sty
Package: booktabs 2020/01/12 v1.61803398 Publication quality tables
\heavyrulewidth=\dimen141
\lightrulewidth=\dimen142
\cmidrulewidth=\dimen143
\belowrulesep=\dimen144
\belowbottomsep=\dimen145
\aboverulesep=\dimen146
\abovetopsep=\dimen147
\cmidrulesep=\dimen148
\cmidrulekern=\dimen149
\defaultaddspace=\dimen150
\@cmidla=\count193
\@cmidlb=\count194
\@aboverulesep=\dimen151
\@belowrulesep=\dimen152
\@thisruleclass=\count195
\@lastruleclass=\count196
\@thisrulewidth=\dimen153
) (/usr/share/texlive/texmf-dist/tex/latex/siunitx/siunitx.sty
Package: siunitx 2022-02-02 v3.0.46 A comprehensive (SI) units package
\l__siunitx_angle_tmp_dim=\dimen154
\l__siunitx_angle_marker_box=\box50
\l__siunitx_angle_unit_box=\box51
\l__siunitx_compound_count_int=\count197
 (/usr/share/texlive/texmf-dist/tex/latex/translations/translations.sty
Package: translations 2022/01/04 v1.11 internationalization of LaTeX2e packages (CN)
 (/usr/share/texlive/texmf-dist/tex/latex/etoolbox/etoolbox.sty
Package: etoolbox 2020/10/05 v2.5k e-TeX tools for LaTeX (JAW)
\etb@tempcnta=\count198
) (/usr/share/texlive/texmf-dist/tex/generic/pdftexcmds/pdftexcmds.sty
Package: pdftexcmds 2020-06-27 v0.33 Utility functions of pdfTeX for LuaTeX (HO)
 (/usr/share/texlive/texmf-dist/tex/generic/infwarerr/infwarerr.sty
Package: infwarerr 2019/12/03 v1.5 Providing info/warning/error messages (HO)
) (/usr/share/texlive/texmf-dist/tex/generic/iftex/iftex.sty
Package: iftex 2020/03/06 v1.0d TeX engine tests
) (/usr/share/texlive/texmf-dist/tex/generic/ltxcmds/ltxcmds.sty
Package: ltxcmds 2020-05-10 v1.25 LaTeX kernel commands for general use (HO)
)
Package pdftexcmds Info: \pdf@primitive is available.
Package pdftexcmds Info: \pdf@ifprimitive is available.
Package pdftexcmds Info: \pdfdraftmode found.
))
\l__siunitx_number_exponent_fixed_int=\count199
\l__siunitx_number_min_decimal_int=\count266
\l__siunitx_number_min_integer_int=\count267
\l__siunitx_number_round_precision_int=\count268
\l__siunitx_number_group_minimum_int=\count269
 (/usr/share/texlive/texmf-dist/tex/latex/amsmath/amstext.sty
Package: amstext 2021/08/26 v2.01 AMS text
 (/usr/share/texlive/texmf-dist/tex/latex/amsmath/amsgen.sty
File: amsgen.sty 1999/11/30 v2.0 generic functions
\@emptytoks=\toks19
\ex@=\dimen155
))
\l__siunitx_table_tmp_box=\box52
\l__siunitx_table_tmp_dim=\dimen156
\l__siunitx_table_column_width_dim=\dimen157
\l__siunitx_table_integer_box=\box53
\l__siunitx_table_decimal_box=\box54
\l__siunitx_table_before_box=\box55
\l__siunitx_table_after_box=\box56
\l__siunitx_table_before_dim=\dimen158
\l__siunitx_table_carry_dim=\dimen159
\l__siunitx_unit_tmp_int=\count270
\l__siunitx_unit_position_int=\count271
\l__siunitx_unit_total_int=\count272
 (/usr/share/texlive/texmf-dist/tex/latex/l3packages/l3keys2e/l3keys2e.sty (/usr/share/texlive/texmf-dist/tex/latex/l3kernel/expl3.sty
Package: expl3 2022-01-21 L3 programming layer (loader) 
 (/usr/share/texlive/texmf-dist/tex/latex/l3backend/l3backend-pdftex.def
File: l3backend-pdftex.def 2022-01-12 L3 backend support: PDF output (pdfTeX)
\l__color_backend_stack_int=\count273
\l__pdf_internal_box=\box57
))
Package: l3keys2e 2022-01-12 LaTeX2e option processing using LaTeX3 keys
) (/usr/share/texlive/texmf-dist/tex/latex/tools/array.sty
Package: array 2021/10/04 v2.5f Tabular extension package (FMi)
\col@sep=\dimen160
\ar@mcellbox=\box58
\extrarowheight=\dimen161
\NC@list=\toks20
\extratabsurround=\skip49
\backup@length=\skip50
\ar@cellbox=\box59
)) (/usr/share/texlive/texmf-dist/tex/latex/caption/caption.sty
Package: caption 2020/10/26 v3.5g Customizing captions (AR)
 (/usr/share/texlive/texmf-dist/tex/latex/caption/caption3.sty
Package: caption3 2020/10/21 v2.2e caption3 kernel (AR)
\captionmargin=\dimen162
\captionmargin@=\dimen163
\captionwidth=\dimen164
\caption@tempdima=\dimen165
\caption@indent=\dimen166
\caption@parindent=\dimen167
\caption@hangindent=\dimen168
Package caption Info: Standard document class detected.
)
\c@caption@flags=\count274
\c@continuedfloat=\count275
)
Package translations Info: No language package found. I am going to use `english' as default language. on input line 7.

No file fem1D_compare.aux.
\openout1 = `fem1D_compare.aux'.

LaTeX Font Info:    Checking defaults for OML/cmm/m/it on input line 7.
LaTeX Font Info:    ... okay on input line 7.
LaTeX Font Info:    Checking defaults for OMS/cmsy/m/n on input line 7.
LaTeX Font Info:    ... okay on input line 7.
LaTeX Font Info:    Checking defaults for OT1/cmr/m/n on input line 7.
LaTeX Font Info:    ... okay on input line 7.
LaTeX Font Info:    Checking defaults for T1/cmr/m/n on input line 7.
LaTeX Font Info:    ... okay on input line 7.
LaTeX Font Info:    Checking defaults for TS1/cmr/m/n on input line 7.
LaTeX Font Info:    ... okay on input line 7.
LaTeX Font Info:    Checking defaults for OMX/cmex/m/n on input line 7.
LaTeX Font Info:    ... okay on input line 7.
LaTeX Font Info:    Checking defaults for U/cmr/m/n on input line 7.
LaTeX Font Info:    ... okay on input line 7.
(/usr/share/texlive/texmf-dist/tex/context/base/mkii/supp-pdf.mkii
[Loading MPS to PDF converter (version 2006.09.02).]
\scratchcounter=\count276
\scratchdimen=\dimen169
\scratchbox=\box60
\nofMPsegments=\count277
\nofMParguments=\count278
\everyMPshowfont=\toks21
\MPscratchCnt=\count279
\MPscratchDim=\dimen170
\MPnumerator=\count280
\makeMPintoPDFobject=\count281
\everyMPtoPDFconversion=\toks22
) (/usr/share/texlive/texmf-dist/tex/latex/epstopdf-pkg/epstopdf-base.sty
Package: epstopdf-base 2020-01-24 v2.11 Base part for package epstopdf
Package epstopdf-base Info: Redefining graphics rule for `.eps' on input line 485.
 (/usr/share/texlive/texmf-dist/tex/latex/latexconfig/epstopdf-sys.cfg
File: epstopdf-sys.cfg 2010/07/13 v1.3 Configuration of (r)epstopdf for TeX Live
)) (/usr/share/texlive/texmf-dist/tex/latex/graphics/color.sty
Package: color 2021/12/07 v1.3c Standard LaTeX Color (DPC)
 (/usr/share/texlive/texmf-dist/tex/latex/graphics-cfg/color.cfg
File: color.cfg 2016/01/02 v1.6 sample color configuration
)
Package color Info: Driver file: pdftex.def on input line 149.
) (/usr/share/texlive/texmf-dist/tex/latex/translations/translations-basic-dictionary-english.trsl
File: translations-basic-dictionary-english.trsl (english translation file `translations-basic-dictionary')
)
Package translations Info: loading dictionary `translations-basic-dictionary' for `english'. on input line 7.
Package caption Info: Begin \AtBeginDocument code.
Package caption Info: End \AtBeginDocument code.


/home/3S-LAB/vquach/Bureau/C++/Numerical-Method-3SR/report/fem1D_compare.tex:8: LaTeX Error: Unicode character ệ (U+1EC7)
               not set up for use with LaTeX.

See the LaTeX manual or LaTeX Companion for explanation.
Type  H <return>  for immediate help.
 ...                                              
                                                  
l.8 ...hiệm analytic và nghiệm số (1D bar)}
                                                  
You may provide a definition with
\DeclareUnicodeCharacter 


/home/3S-LAB/vquach/Bureau/C++/Numerical-Method-3SR/report/fem1D_compare.tex:8: LaTeX Error: Unicode character ệ (U+1EC7)
               not set up for use with LaTeX.

See the LaTeX manual or LaTeX Companion for explanation.
Type  H <return>  for immediate help.
 ...                                              
                                                  
l.8 ...hiệm analytic và nghiệm số (1D bar)}
                                                  
You may provide a definition with
\DeclareUnicodeCharacter 


/home/3S-LAB/vquach/Bureau/C++/Numerical-Method-3SR/report/fem1D_compare.tex:8: LaTeX Error: Unicode character ố (U+1ED1)
               not set up for use with LaTeX.

See the LaTeX manual or LaTeX Companion for explanation.
Type  H <return>  for immediate help.
 ...                                              
                                                  
l.8 ...hiệm analytic và nghiệm số (1D bar)}
                                                  
You may provide a definition with
\DeclareUnicodeCharacter 

<fem1D_compare.png, id=1, 803.0pt x 602.25pt>
File: fem1D_compare.png Graphic file (type png)
<use fem1D_compare.png>
Package pdftex.def Info: fem1D_compare.png  used on input line 11.
(pdftex.def)             Requested size: 310.4979pt x 232.87321pt.

/home/3S-LAB/vquach/Bureau/C++/Numerical-Method-3SR/report/fem1D_compare.tex:12: LaTeX Error: Unicode character ệ (U+1EC7)
               not set up for use with LaTeX.

See the LaTeX manual or LaTeX Companion for explanation.
Type  H <return>  for immediate help.
 ...                                              
                                                  
l.12 ...út nghiệm số (EA=10, $f=5$, $F=10$).}
                                                  
You may provide a definition with
\DeclareUnicodeCharacter 


/home/3S-LAB/vquach/Bureau/C++/Numerical-Method-3SR/report/fem1D_compare.tex:12: LaTeX Error: Command \dj unavailable in encoding OT1.

See the LaTeX manual or LaTeX Companion for explanation.
Type  H <return>  for immediate help.
 ...                                              
                                                  
l.12 ...út nghiệm số (EA=10, $f=5$, $F=10$).}
                                                  
Your command was ignored.
Type  I <command> <return>  to replace it with another command,
or  <return>  to continue without it.


/home/3S-LAB/vquach/Bureau/C++/Numerical-Method-3SR/report/fem1D_compare.tex:12: LaTeX Error: Unicode character ể (U+1EC3)
               not set up for use with LaTeX.

See the LaTeX manual or LaTeX Companion for explanation.
Type  H <return>  for immediate help.
 ...                                              
                                                  
l.12 ...út nghiệm số (EA=10, $f=5$, $F=10$).}
                                                  
You may provide a definition with
\DeclareUnicodeCharacter 


/home/3S-LAB/vquach/Bureau/C++/Numerical-Method-3SR/report/fem1D_compare.tex:12: LaTeX Error: Unicode character ệ (U+1EC7)
               not set up for use with LaTeX.

See the LaTeX manual or LaTeX Companion for explanation.
Type  H <return>  for immediate help.
 ...                                              
                                                  
l.12 ...út nghiệm số (EA=10, $f=5$, $F=10$).}
                                                  
You may provide a definition with
\DeclareUnicodeCharacter 


/home/3S-LAB/vquach/Bureau/C++/Numerical-Method-3SR/report/fem1D_compare.tex:12: LaTeX Error: Unicode character ố (U+1ED1)
               not set up for use with LaTeX.

See the LaTeX manual or LaTeX Companion for explanation.
Type  H <return>  for immediate help.
 ...                                              
                                                  
l.12 ...út nghiệm số (EA=10, $f=5$, $F=10$).}
                                                  
You may provide a definition with
\DeclareUnicodeCharacter 

LaTeX Font Info:    External font `cmex10' loaded for size
(Font)              <7> on input line 12.
LaTeX Font Info:    External font `cmex10' loaded for size
(Font)              <5> on input line 12.

/home/3S-LAB/vquach/Bureau/C++/Numerical-Method-3SR/report/fem1D_compare.tex:12: LaTeX Error: Unicode character ệ (U+1EC7)
               not set up for use with LaTeX.

See the LaTeX manual or LaTeX Companion for explanation.
Type  H <return>  for immediate help.
 ...                                              
                                                  
l.12 ...út nghiệm số (EA=10, $f=5$, $F=10$).}
                                                  
You may provide a definition with
\DeclareUnicodeCharacter 


/home/3S-LAB/vquach/Bureau/C++/Numerical-Method-3SR/report/fem1D_compare.tex:12: LaTeX Error: Command \dj unavailable in encoding OT1.

See the LaTeX manual or LaTeX Companion for explanation.
Type  H <return>  for immediate help.
 ...                                              
                                                  
l.12 ...út nghiệm số (EA=10, $f=5$, $F=10$).}
                                                  
Your command was ignored.
Type  I <command> <return>  to replace it with another command,
or  <return>  to continue without it.


/home/3S-LAB/vquach/Bureau/C++/Numerical-Method-3SR/report/fem1D_compare.tex:12: LaTeX Error: Unicode character ể (U+1EC3)
               not set up for use with LaTeX.

See the LaTeX manual or LaTeX Companion for explanation.
Type  H <return>  for immediate help.
 ...                                              
                                                  
l.12 ...út nghiệm số (EA=10, $f=5$, $F=10$).}
                                                  
You may provide a definition with
\DeclareUnicodeCharacter 


/home/3S-LAB/vquach/Bureau/C++/Numerical-Method-3SR/report/fem1D_compare.tex:12: LaTeX Error: Unicode character ệ (U+1EC7)
               not set up for use with LaTeX.

See the LaTeX manual or LaTeX Companion for explanation.
Type  H <return>  for immediate help.
 ...                                              
                                                  
l.12 ...út nghiệm số (EA=10, $f=5$, $F=10$).}
                                                  
You may provide a definition with
\DeclareUnicodeCharacter 


/home/3S-LAB/vquach/Bureau/C++/Numerical-Method-3SR/report/fem1D_compare.tex:12: LaTeX Error: Unicode character ố (U+1ED1)
               not set up for use with LaTeX.

See the LaTeX manual or LaTeX Companion for explanation.
Type  H <return>  for immediate help.
 ...                                              
                                                  
l.12 ...út nghiệm số (EA=10, $f=5$, $F=10$).}
                                                  
You may provide a definition with
\DeclareUnicodeCharacter 


/home/3S-LAB/vquach/Bureau/C++/Numerical-Method-3SR/report/fem1D_compare.tex:31: LaTeX Error: Unicode character ị (U+1ECB)
               not set up for use with LaTeX.

See the LaTeX manual or LaTeX Companion for explanation.
Type  H <return>  for immediate help.
 ...                                              
                                                  
l.31 ... tại các nút (lưới 5 phần tử).}
                                                  
You may provide a definition with
\DeclareUnicodeCharacter 


/home/3S-LAB/vquach/Bureau/C++/Numerical-Method-3SR/report/fem1D_compare.tex:31: LaTeX Error: Unicode character ệ (U+1EC7)
               not set up for use with LaTeX.

See the LaTeX manual or LaTeX Companion for explanation.
Type  H <return>  for immediate help.
 ...                                              
                                                  
l.31 ... tại các nút (lưới 5 phần tử).}
                                                  
You may provide a definition with
\DeclareUnicodeCharacter 


/home/3S-LAB/vquach/Bureau/C++/Numerical-Method-3SR/report/fem1D_compare.tex:31: LaTeX Error: Unicode character ệ (U+1EC7)
               not set up for use with LaTeX.

See the LaTeX manual or LaTeX Companion for explanation.
Type  H <return>  for immediate help.
 ...                                              
                                                  
l.31 ... tại các nút (lưới 5 phần tử).}
                                                  
You may provide a definition with
\DeclareUnicodeCharacter 


/home/3S-LAB/vquach/Bureau/C++/Numerical-Method-3SR/report/fem1D_compare.tex:31: LaTeX Error: Unicode character ố (U+1ED1)
               not set up for use with LaTeX.

See the LaTeX manual or LaTeX Companion for explanation.
Type  H <return>  for immediate help.
 ...                                              
                                                  
l.31 ... tại các nút (lưới 5 phần tử).}
                                                  
You may provide a definition with
\DeclareUnicodeCharacter 


/home/3S-LAB/vquach/Bureau/C++/Numerical-Method-3SR/report/fem1D_compare.tex:31: LaTeX Error: Unicode character ạ (U+1EA1)
               not set up for use with LaTeX.

See the LaTeX manual or LaTeX Companion for explanation.
Type  H <return>  for immediate help.
 ...                                              
                                                  
l.31 ... tại các nút (lưới 5 phần tử).}
                                                  
You may provide a definition with
\DeclareUnicodeCharacter 


/home/3S-LAB/vquach/Bureau/C++/Numerical-Method-3SR/report/fem1D_compare.tex:31: LaTeX Error: Unicode character ư (U+01B0)
               not set up for use with LaTeX.

See the LaTeX manual or LaTeX Companion for explanation.
Type  H <return>  for immediate help.
 ...                                              
                                                  
l.31 ... tại các nút (lưới 5 phần tử).}
                                                  
You may provide a definition with
\DeclareUnicodeCharacter 


/home/3S-LAB/vquach/Bureau/C++/Numerical-Method-3SR/report/fem1D_compare.tex:31: LaTeX Error: Unicode character ớ (U+1EDB)
               not set up for use with LaTeX.

See the LaTeX manual or LaTeX Companion for explanation.
Type  H <return>  for immediate help.
 ...                                              
                                                  
l.31 ... tại các nút (lưới 5 phần tử).}
                                                  
You may provide a definition with
\DeclareUnicodeCharacter 


/home/3S-LAB/vquach/Bureau/C++/Numerical-Method-3SR/report/fem1D_compare.tex:31: LaTeX Error: Unicode character ầ (U+1EA7)
               not set up for use with LaTeX.

See the LaTeX manual or LaTeX Companion for explanation.
Type  H <return>  for immediate help.
 ...                                              
                                                  
l.31 ... tại các nút (lưới 5 phần tử).}
                                                  
You may provide a definition with
\DeclareUnicodeCharacter 


/home/3S-LAB/vquach/Bureau/C++/Numerical-Method-3SR/report/fem1D_compare.tex:31: LaTeX Error: Unicode character ử (U+1EED)
               not set up for use with LaTeX.

See the LaTeX manual or LaTeX Companion for explanation.
Type  H <return>  for immediate help.
 ...                                              
                                                  
l.31 ... tại các nút (lưới 5 phần tử).}
                                                  
You may provide a definition with
\DeclareUnicodeCharacter 


/home/3S-LAB/vquach/Bureau/C++/Numerical-Method-3SR/report/fem1D_compare.tex:31: LaTeX Error: Unicode character ị (U+1ECB)
               not set up for use with LaTeX.

See the LaTeX manual or LaTeX Companion for explanation.
Type  H <return>  for immediate help.
 ...                                              
                                                  
l.31 ... tại các nút (lưới 5 phần tử).}
                                                  
You may provide a definition with
\DeclareUnicodeCharacter 


/home/3S-LAB/vquach/Bureau/C++/Numerical-Method-3SR/report/fem1D_compare.tex:31: LaTeX Error: Unicode character ệ (U+1EC7)
               not set up for use with LaTeX.

See the LaTeX manual or LaTeX Companion for explanation.
Type  H <return>  for immediate help.
 ...                                              
                                                  
l.31 ... tại các nút (lưới 5 phần tử).}
                                                  
You may provide a definition with
\DeclareUnicodeCharacter 


/home/3S-LAB/vquach/Bureau/C++/Numerical-Method-3SR/report/fem1D_compare.tex:31: LaTeX Error: Unicode character ệ (U+1EC7)
               not set up for use with LaTeX.

See the LaTeX manual or LaTeX Companion for explanation.
Type  H <return>  for immediate help.
 ...                                              
                                                  
l.31 ... tại các nút (lưới 5 phần tử).}
                                                  
You may provide a definition with
\DeclareUnicodeCharacter 


/home/3S-LAB/vquach/Bureau/C++/Numerical-Method-3SR/report/fem1D_compare.tex:31: LaTeX Error: Unicode character ố (U+1ED1)
               not set up for use with LaTeX.

See the LaTeX manual or LaTeX Companion for explanation.
Type  H <return>  for immediate help.
 ...                                              
                                                  
l.31 ... tại các nút (lưới 5 phần tử).}
                                                  
You may provide a definition with
\DeclareUnicodeCharacter 


/home/3S-LAB/vquach/Bureau/C++/Numerical-Method-3SR/report/fem1D_compare.tex:31: LaTeX Error: Unicode character ạ (U+1EA1)
               not set up for use with LaTeX.

See the LaTeX manual or LaTeX Companion for explanation.
Type  H <return>  for immediate help.
 ...                                              
                                                  
l.31 ... tại các nút (lưới 5 phần tử).}
                                                  
You may provide a definition with
\DeclareUnicodeCharacter 


/home/3S-LAB/vquach/Bureau/C++/Numerical-Method-3SR/report/fem1D_compare.tex:31: LaTeX Error: Unicode character ư (U+01B0)
               not set up for use with LaTeX.

See the LaTeX manual or LaTeX Companion for explanation.
Type  H <return>  for immediate help.
 ...                                              
                                                  
l.31 ... tại các nút (lưới 5 phần tử).}
                                                  
You may provide a definition with
\DeclareUnicodeCharacter 


/home/3S-LAB/vquach/Bureau/C++/Numerical-Method-3SR/report/fem1D_compare.tex:31: LaTeX Error: Unicode character ớ (U+1EDB)
               not set up for use with LaTeX.

See the LaTeX manual or LaTeX Companion for explanation.
Type  H <return>  for immediate help.
 ...                                              
                                                  
l.31 ... tại các nút (lưới 5 phần tử).}
                                                  
You may provide a definition with
\DeclareUnicodeCharacter 


/home/3S-LAB/vquach/Bureau/C++/Numerical-Method-3SR/report/fem1D_compare.tex:31: LaTeX Error: Unicode character ầ (U+1EA7)
               not set up for use with LaTeX.

See the LaTeX manual or LaTeX Companion for explanation.
Type  H <return>  for immediate help.
 ...                                              
                                                  
l.31 ... tại các nút (lưới 5 phần tử).}
                                                  
You may provide a definition with
\DeclareUnicodeCharacter 


/home/3S-LAB/vquach/Bureau/C++/Numerical-Method-3SR/report/fem1D_compare.tex:31: LaTeX Error: Unicode character ử (U+1EED)
               not set up for use with LaTeX.

See the LaTeX manual or LaTeX Companion for explanation.
Type  H <return>  for immediate help.
 ...                                              
                                                  
l.31 ... tại các nút (lưới 5 phần tử).}
                                                  
You may provide a definition with
\DeclareUnicodeCharacter 

[1

{/var/lib/texmf/fonts/map/pdftex/updmap/pdftex.map} <./fem1D_compare.png>] (./fem1D_compare.aux) ) 
Here is how much of TeX's memory you used:
 6819 strings out of 478287
 164034 string characters out of 5849289
 424524 words of memory out of 5000000
 24997 multiletter control sequences out of 15000+600000
 469864 words of font info for 30 fonts, out of 8000000 for 9000
 1141 hyphenation exceptions out of 8191
 71i,11n,79p,298b,512s stack positions out of 5000i,500n,10000p,200000b,80000s
</usr/share/texlive/texmf-dist/fonts/type1/public/amsfonts/cm/cmbx12.pfb></usr/share/texlive/texmf-dist/fonts/type1/public/amsfonts/cm/cmmi10.pfb></usr/share/texlive/texmf-dist/fonts/type1/public/amsfonts/cm/cmmi7.pfb></usr/share/texlive/texmf-dist/fonts/type1/public/amsfonts/cm/cmr10.pfb>
Output written on fem1D_compare.pdf (1 page, 72299 bytes).
PDF statistics:
 29 PDF objects out of 1000 (max. 8388607)
 16 compressed objects within 1 object stream
 0 named destinations out of 1000 (max. 500000)
 6 words of extra memory for PDF output out of 10000 (max. 10000000)

